// Jest Snapshot v1, https://goo.gl/fbAQLP

exports[`should render ExpenseList with expenses 1`] = `
<div>
  <ExpenseItem
    amount={195}
    createdAt={0}
    description="Gum"
    id="1"
    key="0"
    note=""
  />
  <ExpenseItem
    amount={109500}
    createdAt={-345600000}
    description="rent"
    id="2"
    key="1"
    note=""
  />
  <ExpenseItem
    amount={4500}
    createdAt={345600000}
    description="credit Card"
    id="3"
    key="2"
    note=""
  />
</div>
`;

exports[`should render expense list with empty message 1`] = `
<div>
  <p>
    No expenses
  </p>
</div>
`;
