// Jest Snapshot v1, https://goo.gl/fbAQLP

exports[`should generate not found  1`] = `
<div>
  404! - 
  <Link
    to="/"
  >
    Return Home
  </Link>
</div>
`;
